{"ip":"::1","level":"warn","message":"Failed authentication validation attempt for user: admin","timestamp":"2026-05-24T11:16:52.858Z"}
{"ip":"::1","level":"warn","message":"Failed authentication validation attempt for user: admin","timestamp":"2026-05-24T11:16:57.920Z"}
{"ip":"::1","level":"warn","message":"Failed authentication validation attempt for user: admin","timestamp":"2026-05-24T11:17:00.040Z"}
{"alert":"INTRUSION DETECTION ALERT","level":"error","message":"Suspicious activity detected: 3 consecutive failed logins from IP address: ::1","timestamp":"2026-05-24T11:17:00.041Z"}
{"ip":"::1","level":"warn","message":"Failed authentication validation attempt for user: admin","timestamp":"2026-05-24T11:17:01.641Z"}
{"alert":"INTRUSION DETECTION ALERT","level":"error","message":"Suspicious activity detected: 4 consecutive failed logins from IP address: ::1","timestamp":"2026-05-24T11:17:01.642Z"}
{"ip":"::1","level":"warn","message":"Failed authentication validation attempt for user: admin","timestamp":"2026-05-24T11:17:03.274Z"}
{"alert":"INTRUSION DETECTION ALERT","level":"error","message":"Suspicious activity detected: 5 consecutive failed logins from IP address: ::1","timestamp":"2026-05-24T11:17:03.275Z"}
{"ip":"::1","level":"warn","message":"Failed authentication validation attempt for user: admin","timestamp":"2026-05-24T11:20:21.574Z"}
{"ip":"::1","level":"warn","message":"Failed authentication validation attempt for user: admin","timestamp":"2026-05-24T11:21:20.841Z"}
{"ip":"::1","level":"warn","message":"Failed authentication validation attempt for user: admin","timestamp":"2026-05-24T11:33:26.842Z"}
{"ip":"::1","level":"warn","message":"Failed authentication validation attempt for user: admin","timestamp":"2026-05-24T12:08:59.705Z"}
{"ip":"::1","level":"warn","message":"Failed authentication validation attempt for user: admin","timestamp":"2026-05-24T12:11:04.015Z"}
{"ip":"::1","level":"warn","message":"Failed authentication validation attempt for user: admin","timestamp":"2026-05-24T12:13:04.104Z"}
{"ip":"::1","level":"info","message":"Successful authentication verified for user: admin","timestamp":"2026-05-24T12:17:03.287Z"}
{"ip":"::1","level":"info","message":"Successful authentication verified for user: admin","timestamp":"2026-05-24T12:24:28.623Z"}
{"ip":"::1","level":"info","message":"Successful authentication verified for user: admin","timestamp":"2026-05-24T12:27:07.806Z"}
{"level":"warn","message":"Unauthorized resource access blocked: Token variation modification detected.","timestamp":"2026-05-25T12:20:29.289Z"}
{"level":"warn","message":"Unauthorized resource access blocked: Token variation modification detected.","timestamp":"2026-05-25T12:21:15.493Z"}
{"level":"warn","message":"Unauthorized resource access blocked: Token variation modification detected.","timestamp":"2026-05-25T12:25:34.959Z"}
{"level":"warn","message":"Unauthorized resource access blocked: Token variation modification detected.","timestamp":"2026-05-25T12:30:29.543Z"}
{"level":"warn","message":"Unauthorized resource access blocked: Token variation modification detected.","timestamp":"2026-05-25T12:31:08.058Z"}
{"ip":"::1","level":"info","message":"Successful authentication verified for user: admin","timestamp":"2026-05-25T12:31:45.602Z"}
{"level":"warn","message":"Unauthorized resource access blocked: Token variation modification detected.","timestamp":"2026-05-25T12:32:18.382Z"}
{"level":"warn","message":"Unauthorized resource access blocked: jwt expired","timestamp":"2026-05-25T12:35:48.651Z"}
{"ip":"::1","level":"info","message":"Successful authentication verified for user: admin","timestamp":"2026-05-25T12:37:45.561Z"}
{"level":"warn","message":"Unauthorized resource access blocked: jwt expired","timestamp":"2026-05-25T12:38:07.675Z"}
{"ip":"::1","level":"info","message":"Successful authentication verified for user: admin","timestamp":"2026-05-25T12:41:23.875Z"}
